(a) h^ = h
   xi=0.3: h^=-0.259406390100994  h=-0.259406390100994
   xi=1.0: h^=0.222863485658997  h=0.222863485658997
   xi=1.7: h^=0.00784555333057243  h=0.00784555333057243
   xi=2.5: h^=1.05729003473339e-6  h=1.05729003473339e-6
(b) Poisson form of e (phi = h)
   y=-2.0: real-space=2.55100066951222e-70  Poisson=2.55100066951222e-70
   y=-0.5: real-space=0.0150943629460872  Poisson=0.0150943629460872
   y=0.0: real-space=0.223348450233562  Poisson=0.223348450233562
   y=0.7: real-space=0.00059580525603937  Poisson=0.00059580525603937
(c) e^(z) = zeta(1/2+iz) Phi(z)   (phi = h)
   z=3.0: e^=(0.100791301814 - 4.11665884248e-51j)  zeta*Phi=(0.100791301814 + 6.25609399336e-44j)
   z=(5.0 + 0.3j): e^=(0.068870658034 - 0.00499457650728j)  zeta*Phi=(0.068870658034 - 0.00499457650728j)
   z=(2.0 - 0.45j): e^=(0.113717005416 + 0.00476144904736j)  zeta*Phi=(0.113717005416 + 0.00476144904736j)
   z=14.134725: e^=(1.48181368816e-44 - 2.83924732007e-49j)  zeta*Phi=(1.48822628759e-44 + 3.70896012833e-51j)
(d) W(k) = 2 sum_n |r^(t_n)|^2, smooth phi of §4, mu = 5
   r sampled at 7200 nodes (55s); |r(-a)| e^(a/2) = 0.000133081
   zeros<= 10 (T=49.7738): partial sum = 1.115324049e-9   + tail model 3.48e-10 = 1.462992981e-9
   zeros<= 100 (T=236.524): partial sum = 1.334338288e-9   + tail model 1.1e-10 = 1.444648937e-9
   zeros<= 250 (T=470.774): partial sum = 1.355184037e-9   + tail model 6.37e-11 = 1.418848507e-9
   zeros<= 500 (T=811.184): partial sum = 1.365411228e-9   + tail model 4.07e-11 = 1.406140561e-9
   zeros<= 1000 (T=1419.42): partial sum = 1.37220994e-9   + tail model 2.55e-11 = 1.397708489e-9
   spectral W(k) (N=140) = 1.3836706e-9   (354s)
