μ=5 λ=2.23607 δ=0.4472 ε=0.000102551 ∫φ=-2.84e-159 φ'(λ-1.5δ): formula=-0.1510072962 diff-quot=-0.1510072962
   U=4 panel=0.1 nodes=16: A0=4.2971858e-5 A1=0.002274316 (boundary 0.0001331) integrand at cut=1.26e-10  2S(A0+A1)^2=4.9607949e-7
   U=5 panel=0.05 nodes=24: A0=4.3023139e-5 A1=0.0022691078 (boundary 0.0001331) integrand at cut=1.86e-17  2S(A0+A1)^2=4.9387398e-7
   N=140: W(k)=1.3836706e-9 ||k||²=0.019975176 W/||k||²=6.92695e-8  bound/|W|=356.93  W/||k||² / e^(-2πμ)=3.05e+6  (238s)
μ=7 λ=2.64575 δ=0.378 ε=3.85461e-7 ∫φ=-3.06e-159 φ'(λ-1.5δ): formula=-0.002294813687 diff-quot=-0.002294813687
   U=4 panel=0.1 nodes=16: A0=2.1560552e-7 A1=1.6589593e-5 (boundary 7.57e-7) integrand at cut=5.17e-13  2S(A0+A1)^2=2.6090271e-11
   U=5 panel=0.05 nodes=24: A0=2.1632298e-7 A1=1.6654626e-5 (boundary 7.57e-7) integrand at cut=2.84e-20  2S(A0+A1)^2=2.6294828e-11
   N=140: W(k)=3.353136e-14 ||k||²=0.019984454 W/||k||²=1.67787e-12  bound/|W|=784.186  W/||k||² / e^(-2πμ)=2.1185e+7  (240s)
μ=11 λ=3.31662 δ=0.3015 ε=3.15676e-12 ∫φ=-3.07e-159 φ'(λ-1.5δ): formula=-6.626453952e-8 diff-quot=-6.626453952e-8
   U=4 panel=0.1 nodes=16: A0=2.4186758e-12 A1=3.0633897e-10 (boundary 7.503e-12) integrand at cut=2.29e-17  2S(A0+A1)^2=8.8069745e-21
   U=5 panel=0.05 nodes=24: A0=2.4193718e-12 A1=3.0386204e-10 (boundary 7.503e-12) integrand at cut=3.46e-24  2S(A0+A1)^2=8.666277e-21
   N=140: W(k)=3.7816672e-24 ||k||²=0.019984488 W/||k||²=1.8923e-22  bound/|W|=2291.66  W/||k||² / e^(-2πμ)=1.9646e+8  (330s)
μ=13 λ=3.60555 δ=0.2774 ε=7.93905e-15 ∫φ=-3.3e-159 φ'(λ-1.5δ): formula=-2.407398711e-10 diff-quot=-2.407398711e-10
   U=4 panel=0.1 nodes=16: A0=6.8284051e-15 A1=1.0135058e-12 (boundary 2.185e-14) integrand at cut=4.51e-21  2S(A0+A1)^2=9.61781e-26
   U=5 panel=0.05 nodes=24: A0=6.7852121e-15 A1=1.0176698e-12 (boundary 2.185e-14) integrand at cut=1.77e-28  2S(A0+A1)^2=9.6956525e-26
   N=140: W(k)=2.966458e-29 ||k||²=0.019984488 W/||k||²=1.48438e-27  bound/|W|=3268.43  W/||k||² / e^(-2πμ)=4.4191e+8  (388s)
μ=13 λ=3.60555 δ=0.2774 ε=7.93905e-15 ∫φ=-3.3e-159 φ'(λ-1.5δ): formula=-2.407398711e-10 diff-quot=-2.407398711e-10
   U=4 panel=0.1 nodes=16: A0=6.8284051e-15 A1=1.0135058e-12 (boundary 2.185e-14) integrand at cut=4.51e-21  2S(A0+A1)^2=9.61781e-26
   U=5 panel=0.05 nodes=24: A0=6.7852121e-15 A1=1.0176698e-12 (boundary 2.185e-14) integrand at cut=1.77e-28  2S(A0+A1)^2=9.6956525e-26
   N=180: W(k)=2.8542042e-29 ||k||²=0.019984488 W/||k||²=1.42821e-27  bound/|W|=3396.97  W/||k||² / e^(-2πμ)=4.2518e+8  (478s)
